[{"stream_name":"stdout","time":5.573569427,"data":"   ━━━━━━━━━━━━━━━━━━━━━━━━━━━━━━━━━━━━━━━━ 168.5/168.5 kB 2.0 MB/s eta 0:00:00\n"}
,{"stream_name":"stdout","time":5.987212396,"data":"   ━━━━━━━━━━━━━━━━━━━━━━━━━━━━━━━━━━━━━━━━ 11.7/11.7 MB 44.6 MB/s eta 0:00:00\n"}
,{"stream_name":"stdout","time":6.053780379,"data":"   ━━━━━━━━━━━━━━━━━━━━━━━━━━━━━━━━━━━━━━━━ 87.5/87.5 kB 7.4 MB/s eta 0:00:00\n"}
,{"stream_name":"stdout","time":6.124663865,"data":"   ━━━━━━━━━━━━━━━━━━━━━━━━━━━━━━━━━━━━━━━━ 75.0/75.0 kB 4.4 MB/s eta 0:00:00\n"}
,{"stream_name":"stdout","time":6.19367628,"data":"   ━━━━━━━━━━━━━━━━━━━━━━━━━━━━━━━━━━━━━━━━ 516.0/516.0 kB 36.9 MB/s eta 0:00:00\n"}
,{"stream_name":"stderr","time":40.877083848,"data":"/usr/local/lib/python3.12/dist-packages/pydub/utils.py:300: SyntaxWarning: invalid escape sequence '\\('\n"}
,{"stream_name":"stderr","time":40.877138563,"data":"  m = re.match('([su]([0-9]{1,2})p?) \\(([0-9]{1,2}) bit\\)$', token)\n"}
,{"stream_name":"stderr","time":40.877147525,"data":"/usr/local/lib/python3.12/dist-packages/pydub/utils.py:301: SyntaxWarning: invalid escape sequence '\\('\n"}
,{"stream_name":"stderr","time":40.877154008,"data":"  m2 = re.match('([su]([0-9]{1,2})p?)( \\(default\\))?$', token)\n"}
,{"stream_name":"stderr","time":40.877161382,"data":"/usr/local/lib/python3.12/dist-packages/pydub/utils.py:310: SyntaxWarning: invalid escape sequence '\\('\n"}
,{"stream_name":"stderr","time":40.877166831,"data":"  elif re.match('(flt)p?( \\(default\\))?$', token):\n"}
,{"stream_name":"stderr","time":40.877259624,"data":"/usr/local/lib/python3.12/dist-packages/pydub/utils.py:314: SyntaxWarning: invalid escape sequence '\\('\n"}
,{"stream_name":"stderr","time":40.877269324,"data":"  elif re.match('(dbl)p?( \\(default\\))?$', token):\n"}
,{"stream_name":"stdout","time":40.895128622,"data":"[omnivoice] downloading reference voice: https://raw.githubusercontent.com/OwenTyme/voice-zero/main/voices/simon_evers.flac\n"}
,{"stream_name":"stdout","time":41.763776366,"data":"[omnivoice] GPU: Tesla T4\n"}
,{"stream_name":"stderr","time":42.268332349,"data":"\rFetching 13 files:   0%|          | 0/13 [00:00\u003c?, ?it/s]Warning: You are sending unauthenticated requests to the HF Hub. Please set a HF_TOKEN to enable higher rate limits and faster downloads.\n"}
,{"stream_name":"stderr","time":65.872651883,"data":"\rFetching 13 files:   8%|▊         | 1/13 [00:00\u003c00:02,  4.76it/s]\rFetching 13 files:  23%|██▎       | 3/13 [00:00\u003c00:00, 10.17it/s]\rFetching 13 files:  54%|█████▍    | 7/13 [00:09\u003c00:09,  1.58s/it]\rFetching 13 files:  85%|████████▍ | 11/13 [00:23\u003c00:05,  2.57s/it]\rFetching 13 files: 100%|██████████| 13/13 [00:23\u003c00:00,  1.83s/it]\n"}
,{"stream_name":"stderr","time":66.900276182,"data":"\rLoading weights:   0%|          | 0/313 [00:00\u003c?, ?it/s]\rLoading weights:   1%|▏         | 4/313 [00:00\u003c00:29, 10.41it/s]\rLoading weights:  72%|███████▏  | 224/313 [00:00\u003c00:00, 598.96it/s]\rLoading weights: 100%|██████████| 313/313 [00:00\u003c00:00, 515.11it/s]\n"}
,{"stream_name":"stderr","time":68.66193907,"data":"\rLoading weights:   0%|          | 0/527 [00:00\u003c?, ?it/s]\rLoading weights:  37%|███▋      | 196/527 [00:00\u003c00:00, 1785.84it/s]\rLoading weights:  71%|███████   | 375/527 [00:00\u003c00:00, 1462.45it/s]\rLoading weights: 100%|█████████▉| 525/527 [00:00\u003c00:00, 1392.56it/s]\rLoading weights: 100%|██████████| 527/527 [00:00\u003c00:00, 1441.95it/s]\n"}
,{"stream_name":"stderr","time":78.356625488,"data":"\rFetching 13 files:   0%|          | 0/13 [00:00\u003c?, ?it/s]\rFetching 13 files:   8%|▊         | 1/13 [00:00\u003c00:02,  4.19it/s]\rFetching 13 files:  54%|█████▍    | 7/13 [00:09\u003c00:08,  1.37s/it]\rFetching 13 files: 100%|██████████| 13/13 [00:09\u003c00:00,  1.41it/s]\n"}
,{"stream_name":"stderr","time":78.835168485,"data":"\rLoading weights:   0%|          | 0/587 [00:00\u003c?, ?it/s]\rLoading weights:  45%|████▌     | 265/587 [00:00\u003c00:00, 2644.58it/s]\rLoading weights:  90%|█████████ | 531/587 [00:00\u003c00:00, 2646.41it/s]\rLoading weights: 100%|██████████| 587/587 [00:00\u003c00:00, 2649.71it/s]\n"}
,{"stream_name":"stderr","time":80.157298432,"data":"[transformers] Using custom `forced_decoder_ids` from the (generation) config. This is deprecated in favor of the `task` and `language` flags/config options.\n"}
,{"stream_name":"stderr","time":80.157336062,"data":"[transformers] Transcription using a multilingual Whisper will default to language detection followed by transcription instead of translation to English. This might be a breaking change for your use case. If you want to instead always translate your audio to English, make sure to pass `language='en'`. See https://github.com/huggingface/transformers/pull/28687 for more details.\n"}
,{"stream_name":"stderr","time":81.399357455,"data":"[transformers] A custom logits processor of type \u003cclass 'transformers.generation.logits_process.SuppressTokensLogitsProcessor'\u003e has been passed to `.generate()`, but it was also created in `.generate()`, given its parameterization. The custom \u003cclass 'transformers.generation.logits_process.SuppressTokensLogitsProcessor'\u003e will take precedence. Please check the docstring of \u003cclass 'transformers.generation.logits_process.SuppressTokensLogitsProcessor'\u003e to see related `.generate()` flags.\n"}
,{"stream_name":"stderr","time":81.399406159,"data":"[transformers] A custom logits processor of type \u003cclass 'transformers.generation.logits_process.SuppressTokensAtBeginLogitsProcessor'\u003e has been passed to `.generate()`, but it was also created in `.generate()`, given its parameterization. The custom \u003cclass 'transformers.generation.logits_process.SuppressTokensAtBeginLogitsProcessor'\u003e will take precedence. Please check the docstring of \u003cclass 'transformers.generation.logits_process.SuppressTokensAtBeginLogitsProcessor'\u003e to see related `.generate()` flags.\n"}
,{"stream_name":"stderr","time":82.157194808,"data":"[transformers] Ignoring clean_up_tokenization_spaces=True for BPE tokenizer WhisperTokenizer. The clean_up_tokenization post-processing step is designed for WordPiece tokenizers and is destructive for BPE (it strips spaces before punctuation). Set clean_up_tokenization_spaces=False to suppress this warning, or set clean_up_tokenization_spaces_for_bpe_even_though_it_will_corrupt_output=True to force cleanup anyway.\n"}
,{"stream_name":"stdout","time":99.342552719,"data":"[omnivoice] manifest: {\"model_id\": \"k2-fsa/OmniVoice\", \"ref_voice_url\": \"https://raw.githubusercontent.com/OwenTyme/voice-zero/main/voices/simon_evers.flac\", \"ref_voice_sha256\": \"3260517de0220d583890db9da0815bd0d53987b68df4d9301ff04c20a5bb64da\", \"gpu_name\": \"Tesla T4\", \"torch_version\": \"2.10.0+cu128\", \"num_step\": 16, \"narration_text\": \"Every machine remembers its ancestors. Tonight, we listen to three voices the industry tried to forget.\", \"output_wav\": \"/kaggle/working/output/smoke_narration.wav\", \"librosa_duration_seconds\": 6.95, \"elapsed_generation_seconds\": 15.79, \"peak_vram_mb\": 4537.0, \"voice_print_phash\": \"dc89dc024bf6332d\", \"ffprobe_ok\": true, \"codec_name\": \"pcm_s16le\", \"sample_rate\": \"24000\", \"bits_per_raw_sample\": null, \"duration_seconds\": 6.95, \"size_bytes\": 333644, \"expected\": {\"codec\": \"pcm_s16le\", \"sample_rate\": 24000}}\n"}
,{"stream_name":"stdout","time":99.34259979,"data":"[omnivoice] GATE PASSED\n"}
,{"stream_name":"stderr","time":104.177355157,"data":"/usr/local/lib/python3.12/dist-packages/mistune.py:435: SyntaxWarning: invalid escape sequence '\\|'\n"}
,{"stream_name":"stderr","time":104.177384213,"data":"  cells[i][c] = re.sub('\\\\\\\\\\|', '|', cell)\n"}
,{"stream_name":"stderr","time":104.384903342,"data":"/usr/local/lib/python3.12/dist-packages/nbconvert/filters/filter_links.py:36: SyntaxWarning: invalid escape sequence '\\_'\n"}
,{"stream_name":"stderr","time":104.384925296,"data":"  text = re.sub(r'_', '\\_', text) # Escape underscores in display text\n"}
,{"stream_name":"stderr","time":105.000817634,"data":"[NbConvertApp] Converting notebook __script__.ipynb to html\n"}
,{"stream_name":"stderr","time":106.120390652,"data":"[NbConvertApp] Writing 298661 bytes to __results__.html\n"}
]