[{"stream_name":"stdout","time":6.039682385,"data":"   ━━━━━━━━━━━━━━━━━━━━━━━━━━━━━━━━━━━━━━━━ 168.5/168.5 kB 5.5 MB/s eta 0:00:00\n"}
,{"stream_name":"stdout","time":6.204860215,"data":"   ━━━━━━━━━━━━━━━━━━━━━━━━━━━━━━━━━━━━━━━━ 11.7/11.7 MB 86.6 MB/s eta 0:00:00\n"}
,{"stream_name":"stdout","time":6.235055925,"data":"   ━━━━━━━━━━━━━━━━━━━━━━━━━━━━━━━━━━━━━━━━ 87.5/87.5 kB 6.4 MB/s eta 0:00:00\n"}
,{"stream_name":"stdout","time":6.2671651409999996,"data":"   ━━━━━━━━━━━━━━━━━━━━━━━━━━━━━━━━━━━━━━━━ 75.0/75.0 kB 4.2 MB/s eta 0:00:00\n"}
,{"stream_name":"stdout","time":6.299159079,"data":"   ━━━━━━━━━━━━━━━━━━━━━━━━━━━━━━━━━━━━━━━━ 516.0/516.0 kB 33.4 MB/s eta 0:00:00\n"}
,{"stream_name":"stderr","time":48.021208637,"data":"/usr/local/lib/python3.12/dist-packages/pydub/utils.py:300: SyntaxWarning: invalid escape sequence '\\('\n"}
,{"stream_name":"stderr","time":48.021278051,"data":"  m = re.match('([su]([0-9]{1,2})p?) \\(([0-9]{1,2}) bit\\)$', token)\n"}
,{"stream_name":"stderr","time":48.021285046,"data":"/usr/local/lib/python3.12/dist-packages/pydub/utils.py:301: SyntaxWarning: invalid escape sequence '\\('\n"}
,{"stream_name":"stderr","time":48.021290718,"data":"  m2 = re.match('([su]([0-9]{1,2})p?)( \\(default\\))?$', token)\n"}
,{"stream_name":"stderr","time":48.021377179,"data":"/usr/local/lib/python3.12/dist-packages/pydub/utils.py:310: SyntaxWarning: invalid escape sequence '\\('\n"}
,{"stream_name":"stderr","time":48.021399579,"data":"  elif re.match('(flt)p?( \\(default\\))?$', token):\n"}
,{"stream_name":"stderr","time":48.021405669,"data":"/usr/local/lib/python3.12/dist-packages/pydub/utils.py:314: SyntaxWarning: invalid escape sequence '\\('\n"}
,{"stream_name":"stderr","time":48.021423166,"data":"  elif re.match('(dbl)p?( \\(default\\))?$', token):\n"}
,{"stream_name":"stdout","time":48.039428825,"data":"[omnivoice_batch] downloading reference voice: https://raw.githubusercontent.com/OwenTyme/voice-zero/main/voices/simon_evers.flac\n"}
,{"stream_name":"stderr","time":48.661384842,"data":"\rFetching 13 files:   0%|          | 0/13 [00:00\u003c?, ?it/s]Warning: You are sending unauthenticated requests to the HF Hub. Please set a HF_TOKEN to enable higher rate limits and faster downloads.\n"}
,{"stream_name":"stderr","time":64.609732689,"data":"\rFetching 13 files:  15%|█▌        | 2/13 [00:00\u003c00:00, 13.18it/s]\rFetching 13 files:  54%|█████▍    | 7/13 [00:05\u003c00:04,  1.20it/s]\rFetching 13 files:  85%|████████▍ | 11/13 [00:15\u003c00:03,  1.69s/it]\rFetching 13 files: 100%|██████████| 13/13 [00:15\u003c00:00,  1.23s/it]\n"}
,{"stream_name":"stderr","time":66.055132228,"data":"\rLoading weights:   0%|          | 0/313 [00:00\u003c?, ?it/s]\rLoading weights:   1%|▏         | 4/313 [00:00\u003c00:32,  9.52it/s]\rLoading weights:  66%|██████▌   | 206/313 [00:00\u003c00:00, 516.73it/s]\rLoading weights: 100%|██████████| 313/313 [00:00\u003c00:00, 464.80it/s]\n"}
,{"stream_name":"stderr","time":68.021637979,"data":"\rLoading weights:   0%|          | 0/527 [00:00\u003c?, ?it/s]\rLoading weights:  37%|███▋      | 194/527 [00:00\u003c00:00, 1929.50it/s]\rLoading weights:  73%|███████▎  | 387/527 [00:00\u003c00:00, 1336.88it/s]\rLoading weights: 100%|██████████| 527/527 [00:00\u003c00:00, 1368.82it/s]\n"}
,{"stream_name":"stdout","time":68.079114117,"data":"[omnivoice_batch] s01: 1086 chars -\u003e 2 chunks\n"}
,{"stream_name":"stderr","time":73.516006751,"data":"\rFetching 13 files:   0%|          | 0/13 [00:00\u003c?, ?it/s]\rFetching 13 files:  23%|██▎       | 3/13 [00:00\u003c00:00, 22.16it/s]\rFetching 13 files:  54%|█████▍    | 7/13 [00:05\u003c00:04,  1.20it/s]\rFetching 13 files: 100%|██████████| 13/13 [00:05\u003c00:00,  2.54it/s]\n"}
,{"stream_name":"stderr","time":74.036660112,"data":"\rLoading weights:   0%|          | 0/587 [00:00\u003c?, ?it/s]\rLoading weights:  41%|████      | 238/587 [00:00\u003c00:00, 2370.80it/s]\rLoading weights:  82%|████████▏ | 484/587 [00:00\u003c00:00, 2414.98it/s]\rLoading weights: 100%|██████████| 587/587 [00:00\u003c00:00, 2425.51it/s]\n"}
,{"stream_name":"stderr","time":75.772400826,"data":"[transformers] Using custom `forced_decoder_ids` from the (generation) config. This is deprecated in favor of the `task` and `language` flags/config options.\n"}
,{"stream_name":"stderr","time":75.772462847,"data":"[transformers] Transcription using a multilingual Whisper will default to language detection followed by transcription instead of translation to English. This might be a breaking change for your use case. If you want to instead always translate your audio to English, make sure to pass `language='en'`. See https://github.com/huggingface/transformers/pull/28687 for more details.\n"}
,{"stream_name":"stderr","time":77.979070468,"data":"[transformers] A custom logits processor of type \u003cclass 'transformers.generation.logits_process.SuppressTokensLogitsProcessor'\u003e has been passed to `.generate()`, but it was also created in `.generate()`, given its parameterization. The custom \u003cclass 'transformers.generation.logits_process.SuppressTokensLogitsProcessor'\u003e will take precedence. Please check the docstring of \u003cclass 'transformers.generation.logits_process.SuppressTokensLogitsProcessor'\u003e to see related `.generate()` flags.\n"}
,{"stream_name":"stderr","time":77.979111397,"data":"[transformers] A custom logits processor of type \u003cclass 'transformers.generation.logits_process.SuppressTokensAtBeginLogitsProcessor'\u003e has been passed to `.generate()`, but it was also created in `.generate()`, given its parameterization. The custom \u003cclass 'transformers.generation.logits_process.SuppressTokensAtBeginLogitsProcessor'\u003e will take precedence. Please check the docstring of \u003cclass 'transformers.generation.logits_process.SuppressTokensAtBeginLogitsProcessor'\u003e to see related `.generate()` flags.\n"}
,{"stream_name":"stderr","time":79.113739003,"data":"[transformers] Ignoring clean_up_tokenization_spaces=True for BPE tokenizer WhisperTokenizer. The clean_up_tokenization post-processing step is designed for WordPiece tokenizers and is destructive for BPE (it strips spaces before punctuation). Set clean_up_tokenization_spaces=False to suppress this warning, or set clean_up_tokenization_spaces_for_bpe_even_though_it_will_corrupt_output=True to force cleanup anyway.\n"}
,{"stream_name":"stdout","time":93.185305209,"data":"[omnivoice_batch] {\"id\": \"s01\", \"chars\": 1086, \"chunks\": 2, \"elapsed_generation_seconds\": 24.82, \"peak_vram_mb\": 4537.0, \"output_wav\": \"/kaggle/working/output/audio/s01.wav\", \"ffprobe_ok\": true, \"codec_name\": \"pcm_s16le\", \"sample_rate\": \"24000\", \"duration_seconds\": 73.85, \"size_bytes\": 3544844}\n"}
,{"stream_name":"stdout","time":93.185677046,"data":"[omnivoice_batch] s02: 5519 chars -\u003e 7 chunks\n"}
,{"stream_name":"stdout","time":166.236705638,"data":"[omnivoice_batch] {\"id\": \"s02\", \"chars\": 5519, \"chunks\": 7, \"elapsed_generation_seconds\": 72.79, \"peak_vram_mb\": 4537.0, \"output_wav\": \"/kaggle/working/output/audio/s02.wav\", \"ffprobe_ok\": true, \"codec_name\": \"pcm_s16le\", \"sample_rate\": \"24000\", \"duration_seconds\": 376.26, \"size_bytes\": 18060524}\n"}
,{"stream_name":"stdout","time":166.237729662,"data":"[omnivoice_batch] s03: 3992 chars -\u003e 5 chunks\n"}
,{"stream_name":"stderr","time":176.219227788,"data":"[transformers] You seem to be using the pipelines sequentially on GPU. In order to maximize efficiency please use a dataset\n"}
,{"stream_name":"stdout","time":219.408333239,"data":"[omnivoice_batch] {\"id\": \"s03\", \"chars\": 3992, \"chunks\": 5, \"elapsed_generation_seconds\": 52.96, \"peak_vram_mb\": 4537.0, \"output_wav\": \"/kaggle/working/output/audio/s03.wav\", \"ffprobe_ok\": true, \"codec_name\": \"pcm_s16le\", \"sample_rate\": \"24000\", \"duration_seconds\": 258.13, \"size_bytes\": 12390284}\n"}
,{"stream_name":"stdout","time":219.409707359,"data":"[omnivoice_batch] s04: 12976 chars -\u003e 15 chunks\n"}
,{"stream_name":"stdout","time":396.732181913,"data":"[omnivoice_batch] {\"id\": \"s04\", \"chars\": 12976, \"chunks\": 15, \"elapsed_generation_seconds\": 176.84, \"peak_vram_mb\": 4537.0, \"output_wav\": \"/kaggle/working/output/audio/s04.wav\", \"ffprobe_ok\": true, \"codec_name\": \"pcm_s16le\", \"sample_rate\": \"24000\", \"duration_seconds\": 857.41, \"size_bytes\": 41155724}\n"}
,{"stream_name":"stdout","time":396.733211818,"data":"[omnivoice_batch] s05: 9050 chars -\u003e 11 chunks\n"}
,{"stream_name":"stdout","time":520.442296694,"data":"[omnivoice_batch] {\"id\": \"s05\", \"chars\": 9050, \"chunks\": 11, \"elapsed_generation_seconds\": 123.35, \"peak_vram_mb\": 4537.0, \"output_wav\": \"/kaggle/working/output/audio/s05.wav\", \"ffprobe_ok\": true, \"codec_name\": \"pcm_s16le\", \"sample_rate\": \"24000\", \"duration_seconds\": 604.71, \"size_bytes\": 29026124}\n"}
,{"stream_name":"stdout","time":520.442539734,"data":"[omnivoice_batch] s06: 7917 chars -\u003e 10 chunks\n"}
,{"stream_name":"stdout","time":631.483746321,"data":"[omnivoice_batch] {\"id\": \"s06\", \"chars\": 7917, \"chunks\": 10, \"elapsed_generation_seconds\": 110.69, \"peak_vram_mb\": 4537.0, \"output_wav\": \"/kaggle/working/output/audio/s06.wav\", \"ffprobe_ok\": true, \"codec_name\": \"pcm_s16le\", \"sample_rate\": \"24000\", \"duration_seconds\": 540.95, \"size_bytes\": 25965644}\n"}
,{"stream_name":"stdout","time":631.483791119,"data":"[omnivoice_batch] s07: 319 chars -\u003e 1 chunks\n"}
,{"stream_name":"stdout","time":635.952121693,"data":"[omnivoice_batch] {\"id\": \"s07\", \"chars\": 319, \"chunks\": 1, \"elapsed_generation_seconds\": 4.36, \"peak_vram_mb\": 4537.0, \"output_wav\": \"/kaggle/working/output/audio/s07.wav\", \"ffprobe_ok\": true, \"codec_name\": \"pcm_s16le\", \"sample_rate\": \"24000\", \"duration_seconds\": 20.31, \"size_bytes\": 974924}\n"}
,{"stream_name":"stdout","time":635.952508935,"data":"[omnivoice_batch] DONE total=7 failed=0\n"}
,{"stream_name":"stderr","time":641.54394225,"data":"/usr/local/lib/python3.12/dist-packages/mistune.py:435: SyntaxWarning: invalid escape sequence '\\|'\n"}
,{"stream_name":"stderr","time":641.543975465,"data":"  cells[i][c] = re.sub('\\\\\\\\\\|', '|', cell)\n"}
,{"stream_name":"stderr","time":641.795943775,"data":"/usr/local/lib/python3.12/dist-packages/nbconvert/filters/filter_links.py:36: SyntaxWarning: invalid escape sequence '\\_'\n"}
,{"stream_name":"stderr","time":641.795974047,"data":"  text = re.sub(r'_', '\\_', text) # Escape underscores in display text\n"}
,{"stream_name":"stderr","time":642.424870816,"data":"[NbConvertApp] Converting notebook __script__.ipynb to html\n"}
,{"stream_name":"stderr","time":643.698567005,"data":"[NbConvertApp] Writing 345167 bytes to __results__.html\n"}
]